###############################################################################
#
# IAR ELF Linker V2.20.1.176 for STM8                     03/Feb/2020  18:12:36
# Copyright 2010-2015 IAR Systems AB.
#
#    Output file  =  
#        D:\Enigma-Sub-G\Enigma-Sub-G-Production-2020\enigma_sub_g_stm8l051f3_iar-slave\project\Debug\Exe\enigma-sub-g.out
#    Map file     =  
#        D:\Enigma-Sub-G\Enigma-Sub-G-Production-2020\enigma_sub_g_stm8l051f3_iar-slave\project\Debug\List\enigma-sub-g.map
#    Command line =  
#        D:\Enigma-Sub-G\Enigma-Sub-G-Production-2020\enigma_sub_g_stm8l051f3_iar-slave\project\Debug\Obj\CMT2300A_EasyDriver.o
#        D:\Enigma-Sub-G\Enigma-Sub-G-Production-2020\enigma_sub_g_stm8l051f3_iar-slave\project\Debug\Obj\HopeDuino_SPI3.o
#        D:\Enigma-Sub-G\Enigma-Sub-G-Production-2020\enigma_sub_g_stm8l051f3_iar-slave\project\Debug\Obj\main.o
#        D:\Enigma-Sub-G\Enigma-Sub-G-Production-2020\enigma_sub_g_stm8l051f3_iar-slave\project\Debug\Obj\my_command.o
#        D:\Enigma-Sub-G\Enigma-Sub-G-Production-2020\enigma_sub_g_stm8l051f3_iar-slave\project\Debug\Obj\my_i2c.o
#        D:\Enigma-Sub-G\Enigma-Sub-G-Production-2020\enigma_sub_g_stm8l051f3_iar-slave\project\Debug\Obj\my_rf.o
#        D:\Enigma-Sub-G\Enigma-Sub-G-Production-2020\enigma_sub_g_stm8l051f3_iar-slave\project\Debug\Obj\my_tools.o
#        D:\Enigma-Sub-G\Enigma-Sub-G-Production-2020\enigma_sub_g_stm8l051f3_iar-slave\project\Debug\Obj\stm8l15x_clk.o
#        D:\Enigma-Sub-G\Enigma-Sub-G-Production-2020\enigma_sub_g_stm8l051f3_iar-slave\project\Debug\Obj\stm8l15x_exti.o
#        D:\Enigma-Sub-G\Enigma-Sub-G-Production-2020\enigma_sub_g_stm8l051f3_iar-slave\project\Debug\Obj\stm8l15x_gpio.o
#        D:\Enigma-Sub-G\Enigma-Sub-G-Production-2020\enigma_sub_g_stm8l051f3_iar-slave\project\Debug\Obj\stm8l15x_i2c.o
#        D:\Enigma-Sub-G\Enigma-Sub-G-Production-2020\enigma_sub_g_stm8l051f3_iar-slave\project\Debug\Obj\stm8l15x_it.o
#        D:\Enigma-Sub-G\Enigma-Sub-G-Production-2020\enigma_sub_g_stm8l051f3_iar-slave\project\Debug\Obj\stm8l15x_itc.o
#        D:\Enigma-Sub-G\Enigma-Sub-G-Production-2020\enigma_sub_g_stm8l051f3_iar-slave\project\Debug\Obj\stm8l15x_iwdg.o
#        D:\Enigma-Sub-G\Enigma-Sub-G-Production-2020\enigma_sub_g_stm8l051f3_iar-slave\project\Debug\Obj\stm8l15x_rtc.o
#        D:\Enigma-Sub-G\Enigma-Sub-G-Production-2020\enigma_sub_g_stm8l051f3_iar-slave\project\Debug\Obj\stm8l15x_syscfg.o
#        --redirect _Printf=_PrintfSmall --redirect _Scanf=_ScanfSmall -f
#        "C:\Program Files (x86)\IAR Systems\Embedded Workbench
#        7.3\stm8\config\math_small.xcl" (--redirect cos=__iar_cos_small
#        --redirect cosf=__iar_cos_smallf --redirect cosl=__iar_cos_smalll
#        --redirect exp=__iar_exp_small --redirect expf=__iar_exp_smallf
#        --redirect expl=__iar_exp_smalll --redirect log10=__iar_log10_small
#        --redirect log10f=__iar_log10_smallf --redirect
#        log10l=__iar_log10_smalll --redirect log2=__iar_log2_small --redirect
#        log2f=__iar_log2_smallf --redirect log2l=__iar_log2_smalll --redirect
#        log=__iar_log_small --redirect logf=__iar_log_smallf --redirect
#        logl=__iar_log_smalll --redirect pow=__iar_pow_small --redirect
#        powf=__iar_pow_smallf --redirect powl=__iar_pow_smalll --redirect
#        sin=__iar_sin_small --redirect sinf=__iar_sin_smallf --redirect
#        sinl=__iar_sin_smalll --redirect tan=__iar_tan_small --redirect
#        tanf=__iar_tan_smallf --redirect tanl=__iar_tan_smalll --redirect
#        __iar_Sin=__iar_Sin_small --redirect __iar_Log=__iar_Log_small) -o
#        D:\Enigma-Sub-G\Enigma-Sub-G-Production-2020\enigma_sub_g_stm8l051f3_iar-slave\project\Debug\Exe\enigma-sub-g.out
#        --map
#        D:\Enigma-Sub-G\Enigma-Sub-G-Production-2020\enigma_sub_g_stm8l051f3_iar-slave\project\Debug\List\enigma-sub-g.map
#        --config "C:\Program Files (x86)\IAR Systems\Embedded Workbench
#        7.3\stm8\config\lnkstm8l051f3.icf" --config_def _CSTACK_SIZE=0x100
#        --config_def _HEAP_SIZE=0x100 --entry __iar_program_start --debug_lib
#
###############################################################################

*******************************************************************************
*** RUNTIME MODEL ATTRIBUTES
***

__SystemLibrary            = DLib
__code_model               = small
__core                     = stm8
__data_model               = medium
__dlib_file_descriptor     = 0
__dlib_full_locale_support = 0
__rt_version               = 4


*******************************************************************************
*** PLACEMENT SUMMARY
***

"A1":  place at start of [0x000000-0x0000ff] { rw section .vregs };
"A2":  place at end of [0x000000-0x0003ff] { block CSTACK };
"P2":  place in [from 0x000000 to 0x0003ff] {
          block HEAP, rw section __DLIB_PERTHREAD, rw section .far.bss,
          rw section .far.data, rw section .far.noinit,
          rw section .far_func.textrw, rw section .huge.bss,
          rw section .huge.data, rw section .huge.noinit,
          rw section .huge_func.textrw, rw section .iar.dynexit,
          rw section .near.bss, rw section .near.data, rw section .near.noinit,
          rw section .near_func.textrw };
"A3":  place at start of [0x008000-0x009fff] { block INTVEC };
"P3":  place in [from 0x008000 to 0x009fff] {
          ro section __DLIB_PERTHREAD_init, ro section .far.data_init,
          ro section .far_func.textrw_init, ro section .huge.data_init,
          ro section .huge_func.textrw_init, ro section .iar.init_table,
          ro section .init_array, ro section .near.data_init,
          ro section .near.rodata, ro section .near_func.text,
          ro section .near_func.textrw_init, ro section .tiny.data_init,
          ro section .tiny.rodata_init };

  Section            Kind      Address    Size  Object
  -------            ----      -------    ----  ------
"A1":                                     0x10
  .vregs             uninit   0x000000    0x10  vregs.o [4]
                            - 0x000010    0x10

"P2", part 1 of 2:                       0x242
  P2-1                        0x000010   0x242  <Init block>
    .near.data       inited   0x000010     0x2  main.o [1]
    .near.data       inited   0x000012    0x18  my_rf.o [1]
    .near.data       inited   0x00002a    0x18  my_rf.o [1]
    .near.data       inited   0x000042    0x10  my_rf.o [1]
    .near.data       inited   0x000052    0x30  my_rf.o [1]
    .near.data       inited   0x000082    0x3a  my_rf.o [1]
    .near.data       inited   0x0000bc    0x16  my_rf.o [1]
    .near.data       inited   0x0000d2    0x18  my_rf.o [1]
    .near.data       inited   0x0000ea    0x18  my_rf.o [1]
    .near.data       inited   0x000102    0x10  my_rf.o [1]
    .near.data       inited   0x000112    0x30  my_rf.o [1]
    .near.data       inited   0x000142    0x3a  my_rf.o [1]
    .near.data       inited   0x00017c    0x16  my_rf.o [1]
    .near.data       inited   0x000192    0x18  my_rf.o [1]
    .near.data       inited   0x0001aa    0x18  my_rf.o [1]
    .near.data       inited   0x0001c2    0x10  my_rf.o [1]
    .near.data       inited   0x0001d2    0x30  my_rf.o [1]
    .near.data       inited   0x000202    0x3a  my_rf.o [1]
    .near.data       inited   0x00023c    0x16  my_rf.o [1]
                            - 0x000252   0x242

"P2", part 2 of 2:                        0x59
  .near.bss          zero     0x000252    0x10  my_i2c.o [1]
  .near.bss          zero     0x000262    0x10  my_i2c.o [1]
  .near.bss          zero     0x000272     0x8  my_command.o [1]
  .near.bss          zero     0x00027a     0x8  my_command.o [1]
  .near.bss          zero     0x000282     0x2  CMT2300A_EasyDriver.o [1]
  .near.bss          zero     0x000284     0x2  main.o [1]
  .near.bss          zero     0x000286     0x2  main.o [1]
  .near.bss          zero     0x000288     0x2  main.o [1]
  .near.bss          zero     0x00028a     0x2  main.o [1]
  .near.bss          zero     0x00028c     0x2  main.o [1]
  .near.bss          zero     0x00028e     0x2  main.o [1]
  .near.bss          zero     0x000290     0x2  my_command.o [1]
  .near.bss          zero     0x000292     0x2  my_i2c.o [1]
  .near.bss          zero     0x000294     0x2  my_i2c.o [1]
  .near.bss          zero     0x000296     0x2  my_i2c.o [1]
  .near.bss          zero     0x000298     0x2  my_i2c.o [1]
  .near.bss          zero     0x00029a     0x1  CMT2300A_EasyDriver.o [1]
  .near.bss          zero     0x00029b     0x1  CMT2300A_EasyDriver.o [1]
  .near.bss          zero     0x00029c     0x1  CMT2300A_EasyDriver.o [1]
  .near.bss          zero     0x00029d     0x1  CMT2300A_EasyDriver.o [1]
  .near.bss          zero     0x00029e     0x1  CMT2300A_EasyDriver.o [1]
  .near.bss          zero     0x00029f     0x1  CMT2300A_EasyDriver.o [1]
  .near.bss          zero     0x0002a0     0x1  CMT2300A_EasyDriver.o [1]
  .near.bss          zero     0x0002a1     0x1  CMT2300A_EasyDriver.o [1]
  .near.bss          zero     0x0002a2     0x1  main.o [1]
  .near.bss          zero     0x0002a3     0x1  main.o [1]
  .near.bss          zero     0x0002a4     0x1  main.o [1]
  .near.bss          zero     0x0002a5     0x1  main.o [1]
  .near.bss          zero     0x0002a6     0x1  main.o [1]
  .near.bss          zero     0x0002a7     0x1  main.o [1]
  .near.bss          zero     0x0002a8     0x1  main.o [1]
  .near.bss          zero     0x0002a9     0x1  main.o [1]
  .near.bss          zero     0x0002aa     0x1  my_i2c.o [1]
                            - 0x0002ab    0x59

"A2":                                    0x100
  CSTACK                      0x000300   0x100  <Block>
    CSTACK           uninit   0x000300   0x100  <Block tail>
                            - 0x000400   0x100

"A3":                                     0x80
  INTVEC                      0x008000    0x80  <Block>
    .intvec          const    0x008000    0x80  interrupt.o [4]
                            - 0x008080    0x80

"P3":                                   0x1df4
  .near_func.text    ro code  0x008080   0x345  CMT2300A_EasyDriver.o [1]
  .near_func.text    ro code  0x0083c5   0x26f  main.o [1]
  Initializer bytes  const    0x008634   0x242  <for P2-1>
  .near_func.text    ro code  0x008876   0x14b  stm8l15x_i2c.o [1]
  .near_func.text    ro code  0x0089c1   0x137  my_rf.o [1]
  .near_func.text    ro code  0x008af8   0x10b  long.o [4]
  .near_func.text    ro code  0x008c03   0x105  my_i2c.o [1]
  .near_func.text    ro code  0x008d08   0x103  my_i2c.o [1]
  .near_func.text    ro code  0x008e0b    0xf2  vreg_util.o [4]
  .near_func.text    ro code  0x008efd    0xde  stm8l15x_rtc.o [1]
  .near_func.text    ro code  0x008fdb    0xda  main.o [1]
  .near_func.text    ro code  0x0090b5    0xbb  stm8l15x_exti.o [1]
  .near_func.text    ro code  0x009170    0xa3  HopeDuino_SPI3.o [1]
  .near_func.text    ro code  0x009213    0x90  HopeDuino_SPI3.o [1]
  .near_func.text    ro code  0x0092a3    0x8e  HopeDuino_SPI3.o [1]
  .near_func.text    ro code  0x009331    0x80  stm8l15x_clk.o [1]
  .near_func.text    ro code  0x0093b1    0x76  stm8l15x_gpio.o [1]
  .near_func.text    ro code  0x009427    0x6c  HopeDuino_SPI3.o [1]
  .near_func.text    ro code  0x009493    0x62  stm8l15x_clk.o [1]
  .near_func.text    ro code  0x0094f5    0x47  my_command.o [1]
  .near_func.text    ro code  0x00953c    0x47  short.o [4]
  .near_func.text    ro code  0x009583    0x41  my_tools.o [1]
  .near_func.text    ro code  0x0095c4    0x40  main.o [1]
  .near_func.text    ro code  0x009604    0x40  my_i2c.o [1]
  .near_func.text    ro code  0x009644    0x3d  stm8l15x_i2c.o [1]
  .near_func.text    ro code  0x009681    0x3c  my_command.o [1]
  .near_func.text    ro code  0x0096bd    0x3c  stm8l15x_rtc.o [1]
  .near_func.text    ro code  0x0096f9    0x39  strncmp.o [4]
  .near_func.text    ro code  0x009732    0x38  stm8l15x_clk.o [1]
  .near_func.text    ro code  0x00976a    0x36  stm8l15x_rtc.o [1]
  .near_func.text    ro code  0x0097a0    0x36  memcmp.o [4]
  .near_func.text    ro code  0x0097d6    0x34  CMT2300A_EasyDriver.o [1]
  .near_func.text    ro code  0x00980a    0x33  HopeDuino_SPI3.o [1]
  .near_func.text    ro code  0x00983d    0x33  stm8l15x_it.o [1]
  .near_func.text    ro code  0x009870    0x33  stm8l15x_it.o [1]
  .near_func.text    ro code  0x0098a3    0x32  stm8l15x_it.o [1]
  .near_func.text    ro code  0x0098d5    0x31  my_i2c.o [1]
  .near_func.text    ro code  0x009906    0x30  my_i2c.o [1]
  .near_func.text    ro code  0x009936    0x2f  stm8l15x_rtc.o [1]
  .near_func.text    ro code  0x009965    0x2c  HopeDuino_SPI3.o [1]
  .near_func.text    ro code  0x009991    0x2a  my_command.o [1]
  .near_func.text    ro code  0x0099bb    0x2a  my_i2c.o [1]
  .near_func.text    ro code  0x0099e5    0x28  init_small.o [4]
  .near_func.text    ro code  0x009a0d    0x27  stm8l15x_it.o [1]
  .near_func.text    ro code  0x009a34    0x26  CMT2300A_EasyDriver.o [1]
  .near_func.text    ro code  0x009a5a    0x25  HopeDuino_SPI3.o [1]
  .near_func.text    ro code  0x009a7f    0x25  my_tools.o [1]
  .near_func.text    ro code  0x009aa4    0x25  memcpy.o [4]
  .near_func.text    ro code  0x009ac9    0x23  stm8l15x_rtc.o [1]
  .near_func.text    ro code  0x009aec    0x23  stm8l15x_rtc.o [1]
  .near_func.text    ro code  0x009b0f    0x22  strcmp.o [4]
  .iar.init_table    const    0x009b31    0x12  - Linker created -
  .near_func.text    ro code  0x009b43    0x20  HopeDuino_SPI3.o [1]
  .near_func.text    ro code  0x009b63    0x20  HopeDuino_SPI3.o [1]
  .near_func.text    ro code  0x009b83    0x1e  CMT2300A_EasyDriver.o [1]
  .near_func.text    ro code  0x009ba1    0x1e  my_command.o [1]
  .near_func.text    ro code  0x009bbf    0x1e  my_tools.o [1]
  .near_func.text    ro code  0x009bdd    0x1e  init_small.o [4]
  .near_func.text    ro code  0x009bfb    0x1b  CMT2300A_EasyDriver.o [1]
  .near_func.text    ro code  0x009c16    0x1a  my_tools.o [1]
  .near_func.text    ro code  0x009c30    0x19  main.o [1]
  .near_func.text    ro code  0x009c49    0x19  my_tools.o [1]
  .near_func.text    ro code  0x009c62    0x18  main.o [1]
  .near_func.text    ro code  0x009c7a    0x18  dc_util.o [4]
  .near_func.text    ro code  0x009c92    0x17  memset.o [4]
  .near_func.text    ro code  0x009ca9    0x17  init.o [4]
  .near_func.text    ro code  0x009cc0    0x16  stm8l15x_exti.o [1]
  .near_func.text    ro code  0x009cd6    0x16  stm8l15x_it.o [1]
  .near_func.text    ro code  0x009cec    0x15  main.o [1]
  .near_func.text    ro code  0x009d01    0x15  stm8l15x_gpio.o [1]
  .near_func.text    ro code  0x009d16    0x15  stm8l15x_rtc.o [1]
  .near_func.text    ro code  0x009d2b    0x14  __dbg_xxexit.o [3]
  .near_func.text    ro code  0x009d3f    0x13  cstartup.o [4]
  .near_func.text    ro code  0x009d52    0x12  main.o [1]
  .near_func.text    ro code  0x009d64    0x11  stm8l15x_i2c.o [1]
  .near_func.text    ro code  0x009d75    0x10  main.o [1]
  .near_func.text    ro code  0x009d85     0xd  stm8l15x_clk.o [1]
  .near_func.text    ro code  0x009d92     0xd  stm8l15x_clk.o [1]
  .near_func.text    ro code  0x009d9f     0xd  stm8l15x_i2c.o [1]
  .near_func.text    ro code  0x009dac     0xc  CMT2300A_EasyDriver.o [1]
  .near_func.text    ro code  0x009db8     0xc  main.o [1]
  .near_func.text    ro code  0x009dc4     0xc  stm8l15x_it.o [1]
  .near_func.text    ro code  0x009dd0     0xc  long_util.o [4]
  .near_func.text    ro code  0x009ddc     0xa  stm8l15x_clk.o [1]
  .near.rodata       const    0x009de6     0x9  my_i2c.o [1]
  .near_func.text    ro code  0x009def     0x8  stm8l15x_i2c.o [1]
  .near_func.text    ro code  0x009df7     0x7  my_i2c.o [1]
  .near_func.text    ro code  0x009dfe     0x7  stm8l15x_gpio.o [1]
  .near_func.text    ro code  0x009e05     0x7  stm8l15x_gpio.o [1]
  .near_func.text    ro code  0x009e0c     0x6  char.o [4]
  .near.rodata       const    0x009e12     0x5  my_i2c.o [1]
  .near.rodata       const    0x009e17     0x5  my_i2c.o [1]
  .near.rodata       const    0x009e1c     0x5  my_i2c.o [1]
  .near.rodata       const    0x009e21     0x5  my_i2c.o [1]
  .near.rodata       const    0x009e26     0x5  my_i2c.o [1]
  .near.rodata       const    0x009e2b     0x5  my_i2c.o [1]
  .near.rodata       const    0x009e30     0x5  stm8l15x_clk.o [1]
  .near_func.text    ro code  0x009e35     0x5  stm8l15x_i2c.o [1]
  .near_func.text    ro code  0x009e3a     0x5  cexit.o [4]
  .near_func.text    ro code  0x009e3f     0x4  stm8l15x_clk.o [1]
  .near_func.text    ro code  0x009e43     0x4  stm8l15x_clk.o [1]
  .near_func.text    ro code  0x009e47     0x4  stm8l15x_clk.o [1]
  .near_func.text    ro code  0x009e4b     0x4  stm8l15x_gpio.o [1]
  .near_func.text    ro code  0x009e4f     0x3  interrupt.o [4]
  .near_func.text    ro code  0x009e52     0x3  low_level_init.o [4]
  .near_func.text    ro code  0x009e55     0x3  exit.o [4]
  .near_func.text    ro code  0x009e58     0x3  unhandled_exception.o [4]
  .near_func.text    ro code  0x009e5b     0x1  stm8l15x_it.o [1]
  .near_func.text    ro code  0x009e5c     0x1  stm8l15x_it.o [1]
  .near_func.text    ro code  0x009e5d     0x1  stm8l15x_it.o [1]
  .near_func.text    ro code  0x009e5e     0x1  stm8l15x_it.o [1]
  .near_func.text    ro code  0x009e5f     0x1  stm8l15x_it.o [1]
  .near_func.text    ro code  0x009e60     0x1  stm8l15x_it.o [1]
  .near_func.text    ro code  0x009e61     0x1  stm8l15x_it.o [1]
  .near_func.text    ro code  0x009e62     0x1  stm8l15x_it.o [1]
  .near_func.text    ro code  0x009e63     0x1  stm8l15x_it.o [1]
  .near_func.text    ro code  0x009e64     0x1  stm8l15x_it.o [1]
  .near_func.text    ro code  0x009e65     0x1  stm8l15x_it.o [1]
  .near_func.text    ro code  0x009e66     0x1  stm8l15x_it.o [1]
  .near_func.text    ro code  0x009e67     0x1  stm8l15x_it.o [1]
  .near_func.text    ro code  0x009e68     0x1  stm8l15x_it.o [1]
  .near_func.text    ro code  0x009e69     0x1  stm8l15x_it.o [1]
  .near_func.text    ro code  0x009e6a     0x1  stm8l15x_it.o [1]
  .near_func.text    ro code  0x009e6b     0x1  stm8l15x_it.o [1]
  .near_func.text    ro code  0x009e6c     0x1  stm8l15x_it.o [1]
  .near_func.text    ro code  0x009e6d     0x1  stm8l15x_it.o [1]
  .near_func.text    ro code  0x009e6e     0x1  stm8l15x_it.o [1]
  .near_func.text    ro code  0x009e6f     0x1  stm8l15x_it.o [1]
  .near_func.text    ro code  0x009e70     0x1  stm8l15x_it.o [1]
  .near_func.text    ro code  0x009e71     0x1  stm8l15x_it.o [1]
  .near_func.text    ro code  0x009e72     0x1  stm8l15x_it.o [1]
  .near_func.text    ro code  0x009e73     0x1  __dbg_break.o [3]
                            - 0x009e74  0x1df4


*******************************************************************************
*** INIT TABLE
***

          Address   Size
          -------   ----
Zero (__iar_zero_init2)
    1 destination range, total size 0x59:
          0x000252   0x59

Copy (__iar_copy_init2)
    1 source range, total size 0x242:
          0x008634  0x242
    1 destination range, total size 0x242:
          0x000010  0x242



*******************************************************************************
*** MODULE SUMMARY
***

    Module                 ro code  ro data  rw data
    ------                 -------  -------  -------
D:\Enigma-Sub-G\Enigma-Sub-G-Production-2020\enigma_sub_g_stm8l051f3_iar-slave\project\Debug\Obj: [1]
    CMT2300A_EasyDriver.o      996                10
    HopeDuino_SPI3.o           753
    main.o                   1 021        2       22
    my_command.o               203                18
    my_i2c.o                   730       39       41
    my_rf.o                    311      576      576
    my_tools.o                 183
    stm8l15x_clk.o             330        5
    stm8l15x_exti.o            209
    stm8l15x_gpio.o            157
    stm8l15x_i2c.o             435
    stm8l15x_it.o              249
    stm8l15x_rtc.o             474
    ------------------------------------------------
    Total:                   6 051      622      667

command line: [2]
    ------------------------------------------------
    Total:

dbgstm8smd.a: [3]
    __dbg_break.o                1
    __dbg_xxexit.o              20
    ------------------------------------------------
    Total:                      21

dlstm8smn.a: [4]
    cexit.o                      5
    char.o                       6
    cstartup.o                  19
    dc_util.o                   24
    exit.o                       3
    init.o                      23
    init_small.o                70
    interrupt.o                  3      128
    long.o                     267
    long_util.o                 12
    low_level_init.o             3
    memcmp.o                    54
    memcpy.o                    37
    memset.o                    23
    short.o                     71
    strcmp.o                    34
    strncmp.o                   57
    unhandled_exception.o        3
    vreg_util.o                242
    vregs.o                                       16
    ------------------------------------------------
    Total:                     956      128       16

    Linker created                       18      256
----------------------------------------------------
    Grand Total:             7 028      768      939


*******************************************************************************
*** ENTRY LIST
***

Entry                    Address   Size  Type      Object
-----                    -------   ----  ----      ------
.iar.init_table$$Base   0x009b31          --   Gb  - Linker created -
.iar.init_table$$Limit  0x009b43          --   Gb  - Linker created -
?b0                     0x000000         Data  Gb  vregs.o [4]
?b1                     0x000001         Data  Gb  vregs.o [4]
?b10                    0x00000a         Data  Gb  vregs.o [4]
?b11                    0x00000b         Data  Gb  vregs.o [4]
?b12                    0x00000c         Data  Gb  vregs.o [4]
?b13                    0x00000d         Data  Gb  vregs.o [4]
?b14                    0x00000e         Data  Gb  vregs.o [4]
?b15                    0x00000f         Data  Gb  vregs.o [4]
?b2                     0x000002         Data  Gb  vregs.o [4]
?b3                     0x000003         Data  Gb  vregs.o [4]
?b4                     0x000004         Data  Gb  vregs.o [4]
?b5                     0x000005         Data  Gb  vregs.o [4]
?b6                     0x000006         Data  Gb  vregs.o [4]
?b7                     0x000007         Data  Gb  vregs.o [4]
?b8                     0x000008         Data  Gb  vregs.o [4]
?b9                     0x000009         Data  Gb  vregs.o [4]
?dc32_l1                0x009c7a         Code  Gb  dc_util.o [4]
?dc32_px                0x009c87         Code  Gb  dc_util.o [4]
?e0                     0x000001         Data  Gb  vregs.o [4]
?e1                     0x000005         Data  Gb  vregs.o [4]
?e2                     0x000009         Data  Gb  vregs.o [4]
?e3                     0x00000d         Data  Gb  vregs.o [4]
?epilogue_l2            0x008ea6         Code  Gb  vreg_util.o [4]
?epilogue_l2_l3         0x008ea3         Code  Gb  vreg_util.o [4]
?epilogue_l2_w6         0x008eaa         Code  Gb  vreg_util.o [4]
?epilogue_w4            0x008eb1         Code  Gb  vreg_util.o [4]
?l0                     0x000000         Data  Gb  vregs.o [4]
?l1                     0x000004         Data  Gb  vregs.o [4]
?l2                     0x000008         Data  Gb  vregs.o [4]
?l3                     0x00000c         Data  Gb  vregs.o [4]
?load32_l1_0x           0x009dd0         Code  Gb  long_util.o [4]
?mov_e0_e2              0x008ebf         Code  Gb  vreg_util.o [4]
?mov_e0_e3              0x008ecc         Code  Gb  vreg_util.o [4]
?mov_e1_e0              0x008ed9         Code  Gb  vreg_util.o [4]
?mov_e2_e0              0x008ee6         Code  Gb  vreg_util.o [4]
?mov_e3_e0              0x008ef3         Code  Gb  vreg_util.o [4]
?mov_l0_l2              0x008ebc         Code  Gb  vreg_util.o [4]
?mov_l0_l3              0x008ec9         Code  Gb  vreg_util.o [4]
?mov_l1_l0              0x008ed6         Code  Gb  vreg_util.o [4]
?mov_l2_l0              0x008ee3         Code  Gb  vreg_util.o [4]
?mov_l3_l0              0x008ef0         Code  Gb  vreg_util.o [4]
?mov_w1_w5              0x008ec2         Code  Gb  vreg_util.o [4]
?mov_w1_w7              0x008ecf         Code  Gb  vreg_util.o [4]
?mov_w2_w1              0x008eb5         Code  Gb  vreg_util.o [4]
?mov_w3_w1              0x008edc         Code  Gb  vreg_util.o [4]
?mov_w5_w1              0x008ee9         Code  Gb  vreg_util.o [4]
?mov_w7_w1              0x008ef6         Code  Gb  vreg_util.o [4]
?mul16_x_x_w0           0x00953c         Code  Gb  short.o [4]
?mul32_l0_l0_0x         0x008afb         Code  Gb  long.o [4]
?mul32_l0_l0_dl         0x008af8         Code  Gb  long.o [4]
?mul32_l0_l0_l1         0x008b04         Code  Gb  long.o [4]
?pop_l0                 0x008e6f         Code  Gb  vreg_util.o [4]
?pop_l1                 0x008e7a         Code  Gb  vreg_util.o [4]
?pop_l2                 0x008e85         Code  Gb  vreg_util.o [4]
?pop_l3                 0x008e90         Code  Gb  vreg_util.o [4]
?pop_w4                 0x008e28         Code  Gb  vreg_util.o [4]
?pop_w6                 0x008e2f         Code  Gb  vreg_util.o [4]
?push_l0                0x008e3e         Code  Gb  vreg_util.o [4]
?push_l1                0x008e43         Code  Gb  vreg_util.o [4]
?push_l2                0x008e48         Code  Gb  vreg_util.o [4]
?push_l3                0x008e4d         Code  Gb  vreg_util.o [4]
?push_w4                0x008e0b         Code  Gb  vreg_util.o [4]
?push_w6                0x008e10         Code  Gb  vreg_util.o [4]
?sdiv16_x_x_y           0x00955a         Code  Gb  short.o [4]
?sll16_x_x_a            0x009573         Code  Gb  short.o [4]
?sll32_0x_0x_a          0x008bf5         Code  Gb  long.o [4]
?sll32_l0_l0_a          0x008bf2         Code  Gb  long.o [4]
?sll8_a_a_5             0x009e0d         Code  Gb  char.o [4]
?sll8_a_a_6             0x009e0c         Code  Gb  char.o [4]
?srl16_x_x_4            0x00957e         Code  Gb  short.o [4]
?srl16_x_x_5            0x00957d         Code  Gb  short.o [4]
?srl16_x_x_6            0x00957c         Code  Gb  short.o [4]
?srl16_x_x_7            0x00957b         Code  Gb  short.o [4]
?udiv32_l0_l0_dl        0x008b82         Code  Gb  long.o [4]
?udiv32_l0_l0_l1        0x008b85         Code  Gb  long.o [4]
?umod32_l1_l0_l1        0x008b85         Code  Gb  long.o [4]
?w0                     0x000000         Data  Gb  vregs.o [4]
?w1                     0x000002         Data  Gb  vregs.o [4]
?w2                     0x000004         Data  Gb  vregs.o [4]
?w3                     0x000006         Data  Gb  vregs.o [4]
?w4                     0x000008         Data  Gb  vregs.o [4]
?w5                     0x00000a         Data  Gb  vregs.o [4]
?w6                     0x00000c         Data  Gb  vregs.o [4]
?w7                     0x00000e         Data  Gb  vregs.o [4]
ADC1_COMP_IRQHandler    0x009e68    0x1  Code  Gb  stm8l15x_it.o [1]
AntSwitch_byhand        0x008347   0x4c  Code  Gb  CMT2300A_EasyDriver.o [1]
BasebandBank            0x000082   0x3a  Data  Gb  my_rf.o [1]
BasebandBank_testmode1  0x000142   0x3a  Data  Gb  my_rf.o [1]
BasebandBank_testmode2  0x000202   0x3a  Data  Gb  my_rf.o [1]
CLK_GetClockFreq        0x009732   0x38  Code  Gb  stm8l15x_clk.o [1]
CLK_GetFlagStatus       0x009331   0x80  Code  Gb  stm8l15x_clk.o [1]
CLK_GetSYSCLKSource     0x009e43    0x4  Code  Gb  stm8l15x_clk.o [1]
CLK_LSICmd              0x009d85    0xd  Code  Gb  stm8l15x_clk.o [1]
CLK_PeripheralClockConfig
                        0x009493   0x62  Code  Gb  stm8l15x_clk.o [1]
CLK_RTCClockConfig      0x009ddc    0xa  Code  Gb  stm8l15x_clk.o [1]
CLK_SYSCLKDivConfig     0x009e47    0x4  Code  Gb  stm8l15x_clk.o [1]
CLK_SYSCLKSourceConfig  0x009e3f    0x4  Code  Gb  stm8l15x_clk.o [1]
CLK_SYSCLKSourceSwitchCmd
                        0x009d92    0xd  Code  Gb  stm8l15x_clk.o [1]
CMTBank                 0x000012   0x18  Data  Gb  my_rf.o [1]
CMTBank_testmode1       0x0000d2   0x18  Data  Gb  my_rf.o [1]
CMTBank_testmode2       0x000192   0x18  Data  Gb  my_rf.o [1]
CSTACK$$Base            0x000300          --   Gb  - Linker created -
CSTACK$$Limit           0x000400          --   Gb  - Linker created -
DMA1_CHANNEL0_1_IRQHandler
                        0x009e5d    0x1  Code  Gb  stm8l15x_it.o [1]
DMA1_CHANNEL2_3_IRQHandler
                        0x009e5e    0x1  Code  Gb  stm8l15x_it.o [1]
DataRateBank            0x000052   0x30  Data  Gb  my_rf.o [1]
DataRateBank_testmode1  0x000112   0x30  Data  Gb  my_rf.o [1]
DataRateBank_testmode2  0x0001d2   0x30  Data  Gb  my_rf.o [1]
EXTI0_IRQHandler        0x0098a3   0x32  Code  Gb  stm8l15x_it.o [1]
EXTI1_IRQHandler        0x009a0d   0x27  Code  Gb  stm8l15x_it.o [1]
EXTI2_IRQHandler        0x00983d   0x33  Code  Gb  stm8l15x_it.o [1]
EXTI3_IRQHandler        0x009e62    0x1  Code  Gb  stm8l15x_it.o [1]
EXTI4_IRQHandler        0x009e63    0x1  Code  Gb  stm8l15x_it.o [1]
EXTI5_IRQHandler        0x009e64    0x1  Code  Gb  stm8l15x_it.o [1]
EXTI6_IRQHandler        0x009870   0x33  Code  Gb  stm8l15x_it.o [1]
EXTI7_IRQHandler        0x009e65    0x1  Code  Gb  stm8l15x_it.o [1]
EXTIB_G_IRQHandler      0x009e60    0x1  Code  Gb  stm8l15x_it.o [1]
EXTID_H_IRQHandler      0x009e61    0x1  Code  Gb  stm8l15x_it.o [1]
EXTIE_F_PVD_IRQHandler  0x009e5f    0x1  Code  Gb  stm8l15x_it.o [1]
EXTI_ClearITPendingBit  0x009cc0   0x16  Code  Gb  stm8l15x_exti.o [1]
EXTI_SetPinSensitivity  0x0090b5   0xbb  Code  Gb  stm8l15x_exti.o [1]
FLASH_IRQHandler        0x009e5c    0x1  Code  Gb  stm8l15x_it.o [1]
FhssChannel             0x00029f    0x1  Data  Gb  CMT2300A_EasyDriver.o [1]
FhssChannelRange        0x00029e    0x1  Data  Gb  CMT2300A_EasyDriver.o [1]
FhssRssiAvg             0x000282    0x2  Data  Gb  CMT2300A_EasyDriver.o [1]
FhssRssiTH              0x0002a0    0x1  Data  Gb  CMT2300A_EasyDriver.o [1]
FixedPktLength          0x00029a    0x1  Data  Gb  CMT2300A_EasyDriver.o [1]
FrequencyBank           0x000042   0x10  Data  Gb  my_rf.o [1]
FrequencyBank_testmode1
                        0x000102   0x10  Data  Gb  my_rf.o [1]
FrequencyBank_testmode2
                        0x0001c2   0x10  Data  Gb  my_rf.o [1]
GPIO_DeInit             0x009d01   0x15  Code  Gb  stm8l15x_gpio.o [1]
GPIO_Init               0x0093b1   0x76  Code  Gb  stm8l15x_gpio.o [1]
GPIO_ReadInputDataBit   0x009e05    0x7  Code  Gb  stm8l15x_gpio.o [1]
GPIO_ResetBits          0x009e4b    0x4  Code  Gb  stm8l15x_gpio.o [1]
GPIO_SetBits            0x009dfe    0x7  Code  Gb  stm8l15x_gpio.o [1]
HexCharToBinBinChar     0x009a7f   0x25  Code  Lc  my_tools.o [1]
I2C1_SPI2_IRQHandler    0x009cd6   0x16  Code  Gb  stm8l15x_it.o [1]
I2C_ClearITPendingBit   0x009def    0x8  Code  Gb  stm8l15x_i2c.o [1]
I2C_Cmd                 0x009d9f    0xd  Code  Gb  stm8l15x_i2c.o [1]
I2C_DeInit              0x009644   0x3d  Code  Gb  stm8l15x_i2c.o [1]
I2C_IRQHandler          0x0098d5   0x31  Code  Gb  my_i2c.o [1]
I2C_ITConfig            0x009d64   0x11  Code  Gb  stm8l15x_i2c.o [1]
I2C_Init                0x008876  0x14b  Code  Gb  stm8l15x_i2c.o [1]
I2C_SendData            0x009e35    0x5  Code  Gb  stm8l15x_i2c.o [1]
INTVEC$$Base            0x008000          --   Gb  - Linker created -
INTVEC$$Limit           0x008080          --   Gb  - Linker created -
LCD_AES_IRQHandler      0x009e66    0x1  Code  Gb  stm8l15x_it.o [1]
MY_ADDR_ZERO            0x000284    0x2  Data  Gb  main.o [1]
MY_CMD_DATA_ZERO        0x000290    0x2  Data  Gb  my_command.o [1]
PayloadLength           0x00029b    0x1  Data  Gb  CMT2300A_EasyDriver.o [1]
PktRevError             0x00029c    0x1  Data  Gb  CMT2300A_EasyDriver.o [1]
RTC_CSSLSE_IRQHandler   0x009dc4    0xc  Code  Gb  stm8l15x_it.o [1]
RTC_DeInit              0x008efd   0xde  Code  Gb  stm8l15x_rtc.o [1]
RTC_EnterInitMode       0x009ac9   0x23  Code  Gb  stm8l15x_rtc.o [1]
RTC_ITConfig            0x0096bd   0x3c  Code  Gb  stm8l15x_rtc.o [1]
RTC_SetWakeUpCounter    0x009d16   0x15  Code  Gb  stm8l15x_rtc.o [1]
RTC_WaitForSynchro      0x009936   0x2f  Code  Gb  stm8l15x_rtc.o [1]
RTC_WakeUpClockConfig   0x009aec   0x23  Code  Gb  stm8l15x_rtc.o [1]
RTC_WakeUpCmd           0x00976a   0x36  Code  Gb  stm8l15x_rtc.o [1]
Region$$Table$$Base     0x009b31          --   Gb  - Linker created -
Region$$Table$$Limit    0x009b43          --   Gb  - Linker created -
RssiTrig                0x00029d    0x1  Data  Gb  CMT2300A_EasyDriver.o [1]
SPI1_IRQHandler         0x009e70    0x1  Code  Gb  stm8l15x_it.o [1]
SWITCH_CSS_BREAK_DAC_IRQHandler
                        0x009e67    0x1  Code  Gb  stm8l15x_it.o [1]
SYSDivFactor            0x009e30    0x5  Data  Gb  stm8l15x_clk.o [1]
StatusTemp              0x0002a1    0x1  Data  Gb  CMT2300A_EasyDriver.o [1]
SystemBank              0x00002a   0x18  Data  Gb  my_rf.o [1]
SystemBank_testmode1    0x0000ea   0x18  Data  Gb  my_rf.o [1]
SystemBank_testmode2    0x0001aa   0x18  Data  Gb  my_rf.o [1]
TIM1_CC_IRQHandler      0x009e6e    0x1  Code  Gb  stm8l15x_it.o [1]
TIM1_UPD_OVF_TRG_COM_IRQHandler
                        0x009e6d    0x1  Code  Gb  stm8l15x_it.o [1]
TIM2_CC_USART2_RX_IRQHandler
                        0x009e6a    0x1  Code  Gb  stm8l15x_it.o [1]
TIM2_UPD_OVF_TRG_BRK_USART2_TX_IRQHandler
                        0x009e69    0x1  Code  Gb  stm8l15x_it.o [1]
TIM3_CC_USART3_RX_IRQHandler
                        0x009e6c    0x1  Code  Gb  stm8l15x_it.o [1]
TIM3_UPD_OVF_TRG_BRK_USART3_TX_IRQHandler
                        0x009e6b    0x1  Code  Gb  stm8l15x_it.o [1]
TIM4_UPD_OVF_TRG_IRQHandler
                        0x009e6f    0x1  Code  Gb  stm8l15x_it.o [1]
TRAP_IRQHandler         0x009e5b    0x1  Code  Gb  stm8l15x_it.o [1]
TXBank                  0x0000bc   0x16  Data  Gb  my_rf.o [1]
TXBank_testmode1        0x00017c   0x16  Data  Gb  my_rf.o [1]
TXBank_testmode2        0x00023c   0x16  Data  Gb  my_rf.o [1]
USART1_RX_TIM5_CC_IRQHandler
                        0x009e72    0x1  Code  Gb  stm8l15x_it.o [1]
USART1_TX_TIM5_UPD_OVF_TRG_BRK_IRQHandler
                        0x009e71    0x1  Code  Gb  stm8l15x_it.o [1]
__DebugBreak            0x009e73    0x1  Code  Gb  __dbg_break.o [3]
__exit                  0x009d2b   0x14  Code  Gb  __dbg_xxexit.o [3]
__iar_copy_init2        0x0099e5         Code  Gb  init_small.o [4]
__iar_data_init2        0x009ca9   0x17  Code  Gb  init.o [4]
__iar_program_start     0x009d3f         Code  Gb  cstartup.o [4]
__iar_unhandled_exception
                        0x009e58         Code  Gb  unhandled_exception.o [4]
__iar_zero_init2        0x009bdd         Code  Gb  init_small.o [4]
__intvec                0x008000         Data  Gb  interrupt.o [4]
__low_level_init        0x009e52    0x3  Code  Gb  low_level_init.o [4]
_exit                   0x009e3a         Code  Gb  cexit.o [4]
_interrupt_1            0x009e5b         Code  Gb  stm8l15x_it.o [1]
_interrupt_10           0x0098a3         Code  Gb  stm8l15x_it.o [1]
_interrupt_11           0x009a0d         Code  Gb  stm8l15x_it.o [1]
_interrupt_12           0x00983d         Code  Gb  stm8l15x_it.o [1]
_interrupt_13           0x009e62         Code  Gb  stm8l15x_it.o [1]
_interrupt_14           0x009e63         Code  Gb  stm8l15x_it.o [1]
_interrupt_15           0x009e64         Code  Gb  stm8l15x_it.o [1]
_interrupt_16           0x009870         Code  Gb  stm8l15x_it.o [1]
_interrupt_17           0x009e65         Code  Gb  stm8l15x_it.o [1]
_interrupt_18           0x009e66         Code  Gb  stm8l15x_it.o [1]
_interrupt_19           0x009e67         Code  Gb  stm8l15x_it.o [1]
_interrupt_20           0x009e68         Code  Gb  stm8l15x_it.o [1]
_interrupt_21           0x009e69         Code  Gb  stm8l15x_it.o [1]
_interrupt_22           0x009e6a         Code  Gb  stm8l15x_it.o [1]
_interrupt_23           0x009e6b         Code  Gb  stm8l15x_it.o [1]
_interrupt_24           0x009e6c         Code  Gb  stm8l15x_it.o [1]
_interrupt_25           0x009e6d         Code  Gb  stm8l15x_it.o [1]
_interrupt_26           0x009e6e         Code  Gb  stm8l15x_it.o [1]
_interrupt_27           0x009e6f         Code  Gb  stm8l15x_it.o [1]
_interrupt_28           0x009e70         Code  Gb  stm8l15x_it.o [1]
_interrupt_29           0x009e71         Code  Gb  stm8l15x_it.o [1]
_interrupt_3            0x009e5c         Code  Gb  stm8l15x_it.o [1]
_interrupt_30           0x009e72         Code  Gb  stm8l15x_it.o [1]
_interrupt_31           0x009cd6         Code  Gb  stm8l15x_it.o [1]
_interrupt_4            0x009e5d         Code  Gb  stm8l15x_it.o [1]
_interrupt_5            0x009e5e         Code  Gb  stm8l15x_it.o [1]
_interrupt_6            0x009dc4         Code  Gb  stm8l15x_it.o [1]
_interrupt_7            0x009e5f         Code  Gb  stm8l15x_it.o [1]
_interrupt_8            0x009e60         Code  Gb  stm8l15x_it.o [1]
_interrupt_9            0x009e61         Code  Gb  stm8l15x_it.o [1]
bGoRx                   0x008192   0x78  Code  Gb  CMT2300A_EasyDriver.o [1]
bGoSleep                0x009bfb   0x1b  Code  Gb  CMT2300A_EasyDriver.o [1]
bGoStandby              0x008080   0x40  Code  Gb  CMT2300A_EasyDriver.o [1]
bGoTx                   0x0080c0   0x67  Code  Gb  CMT2300A_EasyDriver.o [1]
bIntSrcFlagClr          0x008267   0xe0  Code  Gb  CMT2300A_EasyDriver.o [1]
bReadRssi               0x008212   0x10  Code  Gb  CMT2300A_EasyDriver.o [1]
bReadStatus             0x00820a    0x8  Code  Gb  CMT2300A_EasyDriver.o [1]
bSpi3Read               0x00980a   0x33  Code  Gb  HopeDuino_SPI3.o [1]
bSpi3ReadByte           0x009427   0x6c  Code  Gb  HopeDuino_SPI3.o [1]
bSpi3ReadFIFO           0x0092a3   0x8e  Code  Gb  HopeDuino_SPI3.o [1]
bin2hex                 0x009583   0x41  Code  Gb  my_tools.o [1]
delay_ms                0x009c16   0x1a  Code  Gb  my_tools.o [1]
delay_us                0x009bbf   0x1e  Code  Gb  my_tools.o [1]
exit                    0x009e55    0x3  Code  Gb  exit.o [4]
get_test_mode           0x009d52   0x12  Code  Gb  main.o [1]
hex2bin                 0x009c49   0x19  Code  Gb  my_tools.o [1]
i2c_recv_buf            0x000252   0x10  Data  Gb  my_i2c.o [1]
i2c_recv_handler        0x008c03  0x105  Code  Gb  my_i2c.o [1]
i2c_recv_ptr            0x000292    0x2  Data  Gb  my_i2c.o [1]
i2c_send_buf            0x000262   0x10  Data  Gb  my_i2c.o [1]
i2c_send_handler        0x009906   0x30  Code  Gb  my_i2c.o [1]
i2c_send_ptr            0x000294    0x2  Data  Gb  my_i2c.o [1]
i2c_send_tail           0x000296    0x2  Data  Gb  my_i2c.o [1]
icu_pwr_down            0x009d75   0x10  Code  Gb  main.o [1]
icu_pwr_up              0x009c30   0x19  Code  Gb  main.o [1]
main                    0x0083c5  0x26f  Code  Gb  main.o [1]
memcmp                  0x0097a0   0x36  Code  Gb  memcmp.o [4]
memcpy                  0x009aa4   0x25  Code  Gb  memcpy.o [4]
memset                  0x009c92   0x17  Code  Gb  memset.o [4]
my_clk_cfg              0x009cec   0x15  Code  Lc  main.o [1]
my_command_do_recv      0x0094f5   0x47  Code  Gb  my_command.o [1]
my_command_do_send      0x009681   0x3c  Code  Gb  my_command.o [1]
my_command_init         0x009991   0x2a  Code  Gb  my_command.o [1]
my_command_recv_buf     0x00027a    0x8  Data  Gb  my_command.o [1]
my_command_send_buf     0x000272    0x8  Data  Gb  my_command.o [1]
my_command_update_addr  0x009ba1   0x1e  Code  Gb  my_command.o [1]
my_host_addr            0x000286    0x2  Data  Gb  main.o [1]
my_i2c_cmd_parse        0x008d08  0x103  Code  Gb  my_i2c.o [1]
my_i2c_cmd_parse_notify
                        0x0002aa    0x1  Data  Gb  my_i2c.o [1]
my_i2c_disable          0x009df7    0x7  Code  Gb  my_i2c.o [1]
my_i2c_enable           0x009604   0x40  Code  Gb  my_i2c.o [1]
my_i2c_init             0x0099bb   0x2a  Code  Gb  my_i2c.o [1]
my_i2c_remote_cmd_data  0x000298    0x2  Data  Gb  my_i2c.o [1]
my_icu_is_pwr_up        0x0002a5    0x1  Data  Gb  main.o [1]
my_icu_power_down_notify
                        0x0002a3    0x1  Data  Gb  main.o [1]
my_icu_power_up_notify  0x0002a4    0x1  Data  Gb  main.o [1]
my_port_deinit          0x009c62   0x18  Code  Lc  main.o [1]
my_port_init            0x008fdb   0xda  Code  Lc  main.o [1]
my_port_irq_event       0x0002a2    0x1  Data  Gb  main.o [1]
my_port_reinit          0x009db8    0xc  Code  Lc  main.o [1]
my_reset_press_count    0x0002a8    0x1  Data  Gb  main.o [1]
my_rf_init              0x008a5a   0x9e  Code  Gb  my_rf.o [1]
my_rf_init_testmode1    0x0089c1   0x49  Code  Gb  my_rf.o [1]
my_rf_init_testmode2    0x008a0a   0x50  Code  Gb  my_rf.o [1]
my_rssi                 0x0002a7    0x1  Data  Gb  main.o [1]
my_rtc_config           0x0095c4   0x40  Code  Gb  main.o [1]
my_rtc_counter          0x000010    0x2  Data  Gb  main.o [1]
my_rtc_ticks_count      0x00028a    0x2  Data  Gb  main.o [1]
my_self_addr            0x000288    0x2  Data  Gb  main.o [1]
my_test_mode            0x0002a9    0x1  Data  Gb  main.o [1]
my_while_tick           0x0002a6    0x1  Data  Gb  main.o [1]
rx_timeout1             0x00028c    0x2  Data  Gb  main.o [1]
rx_timeout2             0x00028e    0x2  Data  Gb  main.o [1]
strcmp                  0x009b0f   0x22  Code  Gb  strcmp.o [4]
strncmp                 0x0096f9   0x39  Code  Gb  strncmp.o [4]
vAfterCfg               0x0097d6   0x34  Code  Gb  CMT2300A_EasyDriver.o [1]
vCfgBank                0x009a34   0x26  Code  Gb  CMT2300A_EasyDriver.o [1]
vClearFifo              0x008393    0x6  Code  Gb  CMT2300A_EasyDriver.o [1]
vEnableRdFifo           0x008127   0x23  Code  Gb  CMT2300A_EasyDriver.o [1]
vEnableWrFifo           0x008399   0x23  Code  Gb  CMT2300A_EasyDriver.o [1]
vGpioFuncCfg            0x008222    0x8  Code  Gb  CMT2300A_EasyDriver.o [1]
vInit                   0x0083bc    0x9  Code  Gb  CMT2300A_EasyDriver.o [1]
vIntSrcCfg              0x00822a   0x35  Code  Gb  CMT2300A_EasyDriver.o [1]
vIntSrcEnable           0x00825f    0x8  Code  Gb  CMT2300A_EasyDriver.o [1]
vSetDirect              0x009b83   0x1e  Code  Gb  CMT2300A_EasyDriver.o [1]
vSetPayloadLength       0x00814a   0x48  Code  Gb  CMT2300A_EasyDriver.o [1]
vSoftReset              0x009dac    0xc  Code  Gb  CMT2300A_EasyDriver.o [1]
vSpi3BurstReadFIFO      0x009965   0x2c  Code  Gb  HopeDuino_SPI3.o [1]
vSpi3BurstWriteFIFO     0x009a5a   0x25  Code  Gb  HopeDuino_SPI3.o [1]
vSpi3Init               0x009b43   0x20  Code  Gb  HopeDuino_SPI3.o [1]
vSpi3Write              0x009b63   0x20  Code  Gb  HopeDuino_SPI3.o [1]
vSpi3WriteByte          0x009170   0xa3  Code  Gb  HopeDuino_SPI3.o [1]
vSpi3WriteFIFO          0x009213   0x90  Code  Gb  HopeDuino_SPI3.o [1]


[1] = D:\Enigma-Sub-G\Enigma-Sub-G-Production-2020\enigma_sub_g_stm8l051f3_iar-slave\project\Debug\Obj
[2] = command line
[3] = dbgstm8smd.a
[4] = dlstm8smn.a

  7 028 bytes of readonly  code memory
    768 bytes of readonly  data memory
    939 bytes of readwrite data memory

Errors: none
Warnings: none
